_   _   _   _   _   
  _   _   _   _   _ 
_   _   _   _   _   
  _   _   _   _   _ 
_   _   X   _   _   
  _   X   X   _   _ 
_   _   X   _   _   
  _   _   _   _   _ 
_   _   _   _   _   
  _   _   _   _   _ 

 NEXT TURN 
_   _   _   _   _   
  _   _   _   _   _ 
_   _   _   _   _   
  _   _   _   _   _ 
_   _   X   _   _   
  _   X   X   _   _ 
_   _   X   _   _   
  _   _   _   _   _ 
_   _   _   _   _   
  _   _   _   _   _ 
