com.spun.util.FormattedException: Invalid Location for (1, 2)