_   _   _   _   _   
  _   _   _   _   _ 
_   _   _   _   _   
  _   _   _   _   _ 
_   _   X   _   _   
  _   _   _   _   _ 
_   _   _   _   _   
  _   _   _   _   _ 
_   _   _   _   _   
  _   _   _   _   _ 
