

Neighbours(Level 1 , Level 2) = (0, 0) => 
_   _   _   _   _   
  _   _   _   _   _ 
_   _   _   _   _   
  _   _   _   _   _ 
_   _   X   _   _   
  _   _   _   _   _ 
_   _   _   _   _   
  _   _   _   _   _ 
_   _   _   _   _   
  _   _   _   _   _ 

 NEXT TURN 
_   _   _   _   _   
  _   _   _   _   _ 
_   _   _   _   _   
  _   _   _   _   _ 
_   _   _   _   _   
  _   _   _   _   _ 
_   _   _   _   _   
  _   _   _   _   _ 
_   _   _   _   _   
  _   _   _   _   _ 


Neighbours(Level 1 , Level 2) = (0, 1) => 
_   _   _   _   _   
  _   _   _   _   _ 
_   _   X   _   _   
  _   _   _   _   _ 
_   _   X   _   _   
  _   _   _   _   _ 
_   _   _   _   _   
  _   _   _   _   _ 
_   _   _   _   _   
  _   _   _   _   _ 

 NEXT TURN 
_   _   _   _   _   
  _   _   _   _   _ 
_   _   _   _   _   
  _   _   _   _   _ 
_   _   _   _   _   
  _   _   _   _   _ 
_   _   _   _   _   
  _   _   _   _   _ 
_   _   _   _   _   
  _   _   _   _   _ 


Neighbours(Level 1 , Level 2) = (0, 2) => 
_   _   _   _   _   
  _   _   _   _   _ 
_   _   X   _   _   
  _   _   _   X   _ 
_   _   X   _   _   
  _   _   _   _   _ 
_   _   _   _   _   
  _   _   _   _   _ 
_   _   _   _   _   
  _   _   _   _   _ 

 NEXT TURN 
_   _   _   _   _   
  _   _   _   _   _ 
_   _   _   _   _   
  _   _   _   _   _ 
_   _   _   _   _   
  _   _   _   _   _ 
_   _   _   _   _   
  _   _   _   _   _ 
_   _   _   _   _   
  _   _   _   _   _ 


Neighbours(Level 1 , Level 2) = (0, 3) => 
_   _   _   _   _   
  _   _   _   _   _ 
_   _   X   _   _   
  X   _   _   X   _ 
_   _   X   _   _   
  _   _   _   _   _ 
_   _   _   _   _   
  _   _   _   _   _ 
_   _   _   _   _   
  _   _   _   _   _ 

 NEXT TURN 
_   _   _   _   _   
  _   _   _   _   _ 
_   _   _   _   _   
  _   _   _   _   _ 
_   _   _   _   _   
  _   _   _   _   _ 
_   _   _   _   _   
  _   _   _   _   _ 
_   _   _   _   _   
  _   _   _   _   _ 


Neighbours(Level 1 , Level 2) = (0, 4) => 
_   _   _   _   _   
  _   _   _   _   _ 
_   _   X   _   _   
  X   _   _   X   _ 
_   _   X   _   _   
  _   _   _   X   _ 
_   _   _   _   _   
  _   _   _   _   _ 
_   _   _   _   _   
  _   _   _   _   _ 

 NEXT TURN 
_   _   _   _   _   
  _   _   _   _   _ 
_   _   _   _   _   
  _   _   _   _   _ 
_   _   _   _   _   
  _   _   _   _   _ 
_   _   _   _   _   
  _   _   _   _   _ 
_   _   _   _   _   
  _   _   _   _   _ 


Neighbours(Level 1 , Level 2) = (0, 5) => 
_   _   _   _   _   
  _   _   _   _   _ 
_   _   X   _   _   
  X   _   _   X   _ 
_   _   X   _   _   
  X   _   _   X   _ 
_   _   _   _   _   
  _   _   _   _   _ 
_   _   _   _   _   
  _   _   _   _   _ 

 NEXT TURN 
_   _   _   _   _   
  _   _   _   _   _ 
_   _   _   _   _   
  _   _   _   _   _ 
_   _   _   _   _   
  _   _   _   _   _ 
_   _   _   _   _   
  _   _   _   _   _ 
_   _   _   _   _   
  _   _   _   _   _ 


Neighbours(Level 1 , Level 2) = (1, 0) => 
_   _   _   _   _   
  _   _   _   _   _ 
_   _   _   _   _   
  _   X   _   _   _ 
_   _   X   _   _   
  _   _   _   _   _ 
_   _   _   _   _   
  _   _   _   _   _ 
_   _   _   _   _   
  _   _   _   _   _ 

 NEXT TURN 
_   _   _   _   _   
  _   _   _   _   _ 
_   _   _   _   _   
  _   _   _   _   _ 
_   _   _   _   _   
  _   _   _   _   _ 
_   _   _   _   _   
  _   _   _   _   _ 
_   _   _   _   _   
  _   _   _   _   _ 


Neighbours(Level 1 , Level 2) = (1, 1) => 
_   _   _   _   _   
  _   _   _   _   _ 
_   _   X   _   _   
  _   X   _   _   _ 
_   _   X   _   _   
  _   _   _   _   _ 
_   _   _   _   _   
  _   _   _   _   _ 
_   _   _   _   _   
  _   _   _   _   _ 

 NEXT TURN 
_   _   _   _   _   
  _   _   _   _   _ 
_   _   _   _   _   
  _   X   _   _   _ 
_   _   _   _   _   
  _   _   _   _   _ 
_   _   _   _   _   
  _   _   _   _   _ 
_   _   _   _   _   
  _   _   _   _   _ 


Neighbours(Level 1 , Level 2) = (1, 2) => 
_   _   _   _   _   
  _   _   _   _   _ 
_   _   X   _   _   
  _   X   _   X   _ 
_   _   X   _   _   
  _   _   _   _   _ 
_   _   _   _   _   
  _   _   _   _   _ 
_   _   _   _   _   
  _   _   _   _   _ 

 NEXT TURN 
_   _   _   _   _   
  _   _   _   _   _ 
_   _   _   _   _   
  _   X   _   _   _ 
_   _   _   _   _   
  _   _   _   _   _ 
_   _   _   _   _   
  _   _   _   _   _ 
_   _   _   _   _   
  _   _   _   _   _ 


Neighbours(Level 1 , Level 2) = (1, 3) => 
_   _   _   _   _   
  _   _   _   _   _ 
_   _   X   _   _   
  X   X   _   X   _ 
_   _   X   _   _   
  _   _   _   _   _ 
_   _   _   _   _   
  _   _   _   _   _ 
_   _   _   _   _   
  _   _   _   _   _ 

 NEXT TURN 
_   _   _   _   _   
  _   _   _   _   _ 
_   _   _   _   _   
  _   X   _   _   _ 
_   _   _   _   _   
  _   _   _   _   _ 
_   _   _   _   _   
  _   _   _   _   _ 
_   _   _   _   _   
  _   _   _   _   _ 


Neighbours(Level 1 , Level 2) = (1, 4) => 
_   _   _   _   _   
  _   _   _   _   _ 
_   _   X   _   _   
  X   X   _   X   _ 
_   _   X   _   _   
  _   _   _   X   _ 
_   _   _   _   _   
  _   _   _   _   _ 
_   _   _   _   _   
  _   _   _   _   _ 

 NEXT TURN 
_   _   _   _   _   
  _   _   _   _   _ 
_   _   _   _   _   
  _   X   _   _   _ 
_   _   X   _   _   
  _   _   _   _   _ 
_   _   _   _   _   
  _   _   _   _   _ 
_   _   _   _   _   
  _   _   _   _   _ 


Neighbours(Level 1 , Level 2) = (1, 5) => 
_   _   _   _   _   
  _   _   _   _   _ 
_   _   X   _   _   
  X   X   _   X   _ 
_   _   X   _   _   
  X   _   _   X   _ 
_   _   _   _   _   
  _   _   _   _   _ 
_   _   _   _   _   
  _   _   _   _   _ 

 NEXT TURN 
_   _   _   _   _   
  _   _   _   _   _ 
_   _   _   _   _   
  _   X   _   _   _ 
_   _   X   _   _   
  _   _   _   _   _ 
_   _   _   _   _   
  _   _   _   _   _ 
_   _   _   _   _   
  _   _   _   _   _ 


Neighbours(Level 1 , Level 2) = (2, 0) => 
_   _   _   _   _   
  _   _   _   _   _ 
_   _   _   _   _   
  _   X   X   _   _ 
_   _   X   _   _   
  _   _   _   _   _ 
_   _   _   _   _   
  _   _   _   _   _ 
_   _   _   _   _   
  _   _   _   _   _ 

 NEXT TURN 
_   _   _   _   _   
  _   _   _   _   _ 
_   _   _   _   _   
  _   X   X   _   _ 
_   _   X   _   _   
  _   _   _   _   _ 
_   _   _   _   _   
  _   _   _   _   _ 
_   _   _   _   _   
  _   _   _   _   _ 


Neighbours(Level 1 , Level 2) = (2, 1) => 
_   _   _   _   _   
  _   _   _   _   _ 
_   _   X   _   _   
  _   X   X   _   _ 
_   _   X   _   _   
  _   _   _   _   _ 
_   _   _   _   _   
  _   _   _   _   _ 
_   _   _   _   _   
  _   _   _   _   _ 

 NEXT TURN 
_   _   _   _   _   
  _   _   _   _   _ 
_   _   X   _   _   
  _   X   X   _   _ 
_   _   X   _   _   
  _   _   _   _   _ 
_   _   _   _   _   
  _   _   _   _   _ 
_   _   _   _   _   
  _   _   _   _   _ 


Neighbours(Level 1 , Level 2) = (2, 2) => 
_   _   _   _   _   
  _   _   _   _   _ 
_   _   X   _   _   
  _   X   X   X   _ 
_   _   X   _   _   
  _   _   _   _   _ 
_   _   _   _   _   
  _   _   _   _   _ 
_   _   _   _   _   
  _   _   _   _   _ 

 NEXT TURN 
_   _   _   _   _   
  _   _   _   _   _ 
_   _   X   _   _   
  _   X   _   _   _ 
_   _   X   _   _   
  _   _   _   _   _ 
_   _   _   _   _   
  _   _   _   _   _ 
_   _   _   _   _   
  _   _   _   _   _ 


Neighbours(Level 1 , Level 2) = (2, 3) => 
_   _   _   _   _   
  _   _   _   _   _ 
_   _   X   _   _   
  X   X   X   X   _ 
_   _   X   _   _   
  _   _   _   _   _ 
_   _   _   _   _   
  _   _   _   _   _ 
_   _   _   _   _   
  _   _   _   _   _ 

 NEXT TURN 
_   _   _   _   _   
  _   _   _   _   _ 
_   _   X   _   _   
  _   _   _   _   _ 
_   _   X   _   _   
  _   _   _   _   _ 
_   _   _   _   _   
  _   _   _   _   _ 
_   _   _   _   _   
  _   _   _   _   _ 


Neighbours(Level 1 , Level 2) = (2, 4) => 
_   _   _   _   _   
  _   _   _   _   _ 
_   _   X   _   _   
  X   X   X   X   _ 
_   _   X   _   _   
  _   _   _   X   _ 
_   _   _   _   _   
  _   _   _   _   _ 
_   _   _   _   _   
  _   _   _   _   _ 

 NEXT TURN 
_   _   _   _   _   
  _   _   _   _   _ 
_   _   X   _   _   
  _   _   _   _   _ 
_   _   X   _   _   
  _   _   _   _   _ 
_   _   _   _   _   
  _   _   _   _   _ 
_   _   _   _   _   
  _   _   _   _   _ 


Neighbours(Level 1 , Level 2) = (2, 5) => 
_   _   _   _   _   
  _   _   _   _   _ 
_   _   X   _   _   
  X   X   X   X   _ 
_   _   X   _   _   
  X   _   _   X   _ 
_   _   _   _   _   
  _   _   _   _   _ 
_   _   _   _   _   
  _   _   _   _   _ 

 NEXT TURN 
_   _   _   _   _   
  _   _   _   _   _ 
_   _   X   _   _   
  _   _   _   _   _ 
_   _   _   _   _   
  _   _   _   _   _ 
_   _   _   _   _   
  _   _   _   _   _ 
_   _   _   _   _   
  _   _   _   _   _ 


Neighbours(Level 1 , Level 2) = (3, 0) => 
_   _   _   _   _   
  _   _   _   _   _ 
_   _   _   _   _   
  _   X   X   _   _ 
_   X   X   _   _   
  _   _   _   _   _ 
_   _   _   _   _   
  _   _   _   _   _ 
_   _   _   _   _   
  _   _   _   _   _ 

 NEXT TURN 
_   _   _   _   _   
  _   _   _   _   _ 
_   _   _   _   _   
  _   X   X   _   _ 
_   X   X   _   _   
  _   _   _   _   _ 
_   _   _   _   _   
  _   _   _   _   _ 
_   _   _   _   _   
  _   _   _   _   _ 


Neighbours(Level 1 , Level 2) = (3, 1) => 
_   _   _   _   _   
  _   _   _   _   _ 
_   _   X   _   _   
  _   X   X   _   _ 
_   X   X   _   _   
  _   _   _   _   _ 
_   _   _   _   _   
  _   _   _   _   _ 
_   _   _   _   _   
  _   _   _   _   _ 

 NEXT TURN 
_   _   _   _   _   
  _   _   _   _   _ 
_   _   X   _   _   
  _   _   X   _   _ 
_   X   X   _   _   
  _   _   _   _   _ 
_   _   _   _   _   
  _   _   _   _   _ 
_   _   _   _   _   
  _   _   _   _   _ 


Neighbours(Level 1 , Level 2) = (3, 2) => 
_   _   _   _   _   
  _   _   _   _   _ 
_   _   X   _   _   
  _   X   X   X   _ 
_   X   X   _   _   
  _   _   _   _   _ 
_   _   _   _   _   
  _   _   _   _   _ 
_   _   _   _   _   
  _   _   _   _   _ 

 NEXT TURN 
_   _   _   _   _   
  _   _   _   _   _ 
_   _   X   _   _   
  _   _   _   _   _ 
_   X   _   _   _   
  _   _   _   _   _ 
_   _   _   _   _   
  _   _   _   _   _ 
_   _   _   _   _   
  _   _   _   _   _ 


Neighbours(Level 1 , Level 2) = (3, 3) => 
_   _   _   _   _   
  _   _   _   _   _ 
_   _   X   _   _   
  X   X   X   X   _ 
_   X   X   _   _   
  _   _   _   _   _ 
_   _   _   _   _   
  _   _   _   _   _ 
_   _   _   _   _   
  _   _   _   _   _ 

 NEXT TURN 
_   _   _   _   _   
  _   _   _   _   _ 
_   _   X   _   _   
  X   _   _   _   _ 
_   X   _   _   _   
  _   _   _   _   _ 
_   _   _   _   _   
  _   _   _   _   _ 
_   _   _   _   _   
  _   _   _   _   _ 


Neighbours(Level 1 , Level 2) = (3, 4) => 
_   _   _   _   _   
  _   _   _   _   _ 
_   _   X   _   _   
  X   X   X   X   _ 
_   X   X   _   _   
  _   _   _   X   _ 
_   _   _   _   _   
  _   _   _   _   _ 
_   _   _   _   _   
  _   _   _   _   _ 

 NEXT TURN 
_   _   _   _   _   
  _   _   _   _   _ 
_   _   X   _   _   
  X   _   _   _   _ 
_   X   _   _   _   
  _   _   _   _   _ 
_   _   _   _   _   
  _   _   _   _   _ 
_   _   _   _   _   
  _   _   _   _   _ 


Neighbours(Level 1 , Level 2) = (3, 5) => 
_   _   _   _   _   
  _   _   _   _   _ 
_   _   X   _   _   
  X   X   X   X   _ 
_   X   X   _   _   
  X   _   _   X   _ 
_   _   _   _   _   
  _   _   _   _   _ 
_   _   _   _   _   
  _   _   _   _   _ 

 NEXT TURN 
_   _   _   _   _   
  _   _   _   _   _ 
_   _   X   _   _   
  X   _   _   _   _ 
_   _   _   _   _   
  _   _   _   _   _ 
_   _   _   _   _   
  _   _   _   _   _ 
_   _   _   _   _   
  _   _   _   _   _ 


Neighbours(Level 1 , Level 2) = (4, 0) => 
_   _   _   _   _   
  _   _   _   _   _ 
_   _   _   _   _   
  _   X   X   _   _ 
_   X   X   X   _   
  _   _   _   _   _ 
_   _   _   _   _   
  _   _   _   _   _ 
_   _   _   _   _   
  _   _   _   _   _ 

 NEXT TURN 
_   _   _   _   _   
  _   _   _   _   _ 
_   _   _   _   _   
  _   X   X   _   _ 
_   X   _   X   _   
  _   _   _   _   _ 
_   _   _   _   _   
  _   _   _   _   _ 
_   _   _   _   _   
  _   _   _   _   _ 


Neighbours(Level 1 , Level 2) = (4, 1) => 
_   _   _   _   _   
  _   _   _   _   _ 
_   _   X   _   _   
  _   X   X   _   _ 
_   X   X   X   _   
  _   _   _   _   _ 
_   _   _   _   _   
  _   _   _   _   _ 
_   _   _   _   _   
  _   _   _   _   _ 

 NEXT TURN 
_   _   _   _   _   
  _   _   _   _   _ 
_   _   X   _   _   
  _   _   _   _   _ 
_   X   _   X   _   
  _   _   _   _   _ 
_   _   _   _   _   
  _   _   _   _   _ 
_   _   _   _   _   
  _   _   _   _   _ 


Neighbours(Level 1 , Level 2) = (4, 2) => 
_   _   _   _   _   
  _   _   _   _   _ 
_   _   X   _   _   
  _   X   X   X   _ 
_   X   X   X   _   
  _   _   _   _   _ 
_   _   _   _   _   
  _   _   _   _   _ 
_   _   _   _   _   
  _   _   _   _   _ 

 NEXT TURN 
_   _   _   _   _   
  _   _   _   _   _ 
_   _   X   _   _   
  _   _   _   X   _ 
_   X   _   X   _   
  _   _   _   _   _ 
_   _   _   _   _   
  _   _   _   _   _ 
_   _   _   _   _   
  _   _   _   _   _ 


Neighbours(Level 1 , Level 2) = (4, 3) => 
_   _   _   _   _   
  _   _   _   _   _ 
_   _   X   _   _   
  X   X   X   X   _ 
_   X   X   X   _   
  _   _   _   _   _ 
_   _   _   _   _   
  _   _   _   _   _ 
_   _   _   _   _   
  _   _   _   _   _ 

 NEXT TURN 
_   _   _   _   _   
  _   _   _   _   _ 
_   _   X   _   _   
  X   _   _   X   _ 
_   X   _   X   _   
  _   _   _   _   _ 
_   _   _   _   _   
  _   _   _   _   _ 
_   _   _   _   _   
  _   _   _   _   _ 


Neighbours(Level 1 , Level 2) = (4, 4) => 
_   _   _   _   _   
  _   _   _   _   _ 
_   _   X   _   _   
  X   X   X   X   _ 
_   X   X   X   _   
  _   _   _   X   _ 
_   _   _   _   _   
  _   _   _   _   _ 
_   _   _   _   _   
  _   _   _   _   _ 

 NEXT TURN 
_   _   _   _   _   
  _   _   _   _   _ 
_   _   X   _   _   
  X   _   _   X   _ 
_   X   _   _   _   
  _   _   _   _   _ 
_   _   _   _   _   
  _   _   _   _   _ 
_   _   _   _   _   
  _   _   _   _   _ 


Neighbours(Level 1 , Level 2) = (4, 5) => 
_   _   _   _   _   
  _   _   _   _   _ 
_   _   X   _   _   
  X   X   X   X   _ 
_   X   X   X   _   
  X   _   _   X   _ 
_   _   _   _   _   
  _   _   _   _   _ 
_   _   _   _   _   
  _   _   _   _   _ 

 NEXT TURN 
_   _   _   _   _   
  _   _   _   _   _ 
_   _   X   _   _   
  X   _   _   X   _ 
_   _   _   _   _   
  _   _   _   _   _ 
_   _   _   _   _   
  _   _   _   _   _ 
_   _   _   _   _   
  _   _   _   _   _ 


Neighbours(Level 1 , Level 2) = (5, 0) => 
_   _   _   _   _   
  _   _   _   _   _ 
_   _   _   _   _   
  _   X   X   _   _ 
_   X   X   X   _   
  _   X   _   _   _ 
_   _   _   _   _   
  _   _   _   _   _ 
_   _   _   _   _   
  _   _   _   _   _ 

 NEXT TURN 
_   _   _   _   _   
  _   _   _   _   _ 
_   _   _   _   _   
  _   _   X   _   _ 
_   X   _   X   _   
  _   X   _   _   _ 
_   _   _   _   _   
  _   _   _   _   _ 
_   _   _   _   _   
  _   _   _   _   _ 


Neighbours(Level 1 , Level 2) = (5, 1) => 
_   _   _   _   _   
  _   _   _   _   _ 
_   _   X   _   _   
  _   X   X   _   _ 
_   X   X   X   _   
  _   X   _   _   _ 
_   _   _   _   _   
  _   _   _   _   _ 
_   _   _   _   _   
  _   _   _   _   _ 

 NEXT TURN 
_   _   _   _   _   
  _   _   _   _   _ 
_   _   X   _   _   
  _   _   _   _   _ 
_   X   _   X   _   
  _   X   _   _   _ 
_   _   _   _   _   
  _   _   _   _   _ 
_   _   _   _   _   
  _   _   _   _   _ 


Neighbours(Level 1 , Level 2) = (5, 2) => 
_   _   _   _   _   
  _   _   _   _   _ 
_   _   X   _   _   
  _   X   X   X   _ 
_   X   X   X   _   
  _   X   _   _   _ 
_   _   _   _   _   
  _   _   _   _   _ 
_   _   _   _   _   
  _   _   _   _   _ 

 NEXT TURN 
_   _   _   _   _   
  _   _   _   _   _ 
_   _   X   _   _   
  _   _   _   X   _ 
_   X   _   _   _   
  _   X   _   _   _ 
_   _   _   _   _   
  _   _   _   _   _ 
_   _   _   _   _   
  _   _   _   _   _ 


Neighbours(Level 1 , Level 2) = (5, 3) => 
_   _   _   _   _   
  _   _   _   _   _ 
_   _   X   _   _   
  X   X   X   X   _ 
_   X   X   X   _   
  _   X   _   _   _ 
_   _   _   _   _   
  _   _   _   _   _ 
_   _   _   _   _   
  _   _   _   _   _ 

 NEXT TURN 
_   _   _   _   _   
  _   _   _   _   _ 
_   _   X   _   _   
  X   _   _   X   _ 
_   _   _   _   _   
  _   X   _   _   _ 
_   _   _   _   _   
  _   _   _   _   _ 
_   _   _   _   _   
  _   _   _   _   _ 


Neighbours(Level 1 , Level 2) = (5, 4) => 
_   _   _   _   _   
  _   _   _   _   _ 
_   _   X   _   _   
  X   X   X   X   _ 
_   X   X   X   _   
  _   X   _   X   _ 
_   _   _   _   _   
  _   _   _   _   _ 
_   _   _   _   _   
  _   _   _   _   _ 

 NEXT TURN 
_   _   _   _   _   
  _   _   _   _   _ 
_   _   X   _   _   
  X   _   _   X   _ 
_   _   _   _   _   
  _   X   _   _   _ 
_   _   _   _   _   
  _   _   _   _   _ 
_   _   _   _   _   
  _   _   _   _   _ 


Neighbours(Level 1 , Level 2) = (5, 5) => 
_   _   _   _   _   
  _   _   _   _   _ 
_   _   X   _   _   
  X   X   X   X   _ 
_   X   X   X   _   
  X   X   _   X   _ 
_   _   _   _   _   
  _   _   _   _   _ 
_   _   _   _   _   
  _   _   _   _   _ 

 NEXT TURN 
_   _   _   _   _   
  _   _   _   _   _ 
_   _   X   _   _   
  X   _   _   X   _ 
_   _   _   _   _   
  X   _   _   _   _ 
_   _   _   _   _   
  _   _   _   _   _ 
_   _   _   _   _   
  _   _   _   _   _ 
