_   _   _   _   _   
  _   _   _   _   _ 
_   _   _   _   _   
  X   X   _   _   _ 
X   _   X   _   _   
  X   X   _   _   _ 
_   _   _   _   _   
  _   _   _   _   _ 
_   _   _   _   _   
  _   _   _   _   _ 
