Centre comes alive
| = = = = = = = = = = = = = = = = = = = = = = = = = = = = = = = = = = = =  |
|    _ _           _ _           _ _           _ _           _ _           |
|  /     \       /     \       /     \       /     \       /     \         |
| /  0,0  \ _ _ /  2,0  \ _ _ /  4,0  \ _ _ /  6,0  \ _ _ /  8,0  \ _ _    |
| \       /     \       /X X X\       /     \       /     \       /     \  |
|  \ _ _ /  1,1  \ _ _ /X  X  X\ _ _ /  5,1  \ _ _ /  7,1  \ _ _ /  9,1  \ |
|  /     \       /     \X  X  X/     \       /     \       /     \       / |
| /  0,2  \ _ _ /  2,2  \X_X_X/  4,2  \ _ _ /  6,2  \ _ _ /  8,2  \ _ _ /  |
| \       /     \       /X X X\       /     \       /     \       /     \  |
|  \ _ _ /  1,3  \ _ _ /X  X  X\ _ _ /  5,3  \ _ _ /  7,3  \ _ _ /  9,3  \ |
|  /     \       /X X X\X  X  X/     \       /     \       /     \       / |
| /  0,4  \ _ _ /X  X  X\X_X_X/  4,4  \ _ _ /  6,4  \ _ _ /  8,4  \ _ _ /  |
| \       /     \X  X  X/X X X\       /     \       /     \       /     \  |
|  \ _ _ /  1,5  \X_X_X/X  X  X\ _ _ /  5,5  \ _ _ /  7,5  \ _ _ /  9,5  \ |
|  /     \       /     \X  X  X/     \       /     \       /     \       / |
| /  0,6  \ _ _ /  2,6  \X_X_X/  4,6  \ _ _ /  6,6  \ _ _ /  8,6  \ _ _ /  |
| \       /     \       /X X X\       /     \       /     \       /     \  |
|  \ _ _ /  1,7  \ _ _ /X  X  X\ _ _ /  5,7  \ _ _ /  7,7  \ _ _ /  9,7  \ |
|  /     \       /     \X  X  X/     \       /     \       /     \       / |
| /  0,8  \ _ _ /  2,8  \X_X_X/  4,8  \ _ _ /  6,8  \ _ _ /  8,8  \ _ _ /  |
| \       /     \       /     \       /     \       /     \       /     \  |
|  \ _ _ /  1,9  \ _ _ /  3,9  \ _ _ /  5,9  \ _ _ /  7,9  \ _ _ /  9,9  \ |
|        \       /     \       /     \       /     \       /     \       / |
|         \ _ _ /       \ _ _ /       \ _ _ /       \ _ _ /       \ _ _ /  |
|                                                                          |
| = = = = = = = = = = = = = = = = = = = = = = = = = = = = = = = = = = = =  |

 NEXT TURN 
| = = = = = = = = = = = = = = = = = = = = = = = = = = = = = = = = = = = =  |
|    _ _           _ _           _ _           _ _           _ _           |
|  /     \       /     \       /     \       /     \       /     \         |
| /  0,0  \ _ _ /  2,0  \ _ _ /  4,0  \ _ _ /  6,0  \ _ _ /  8,0  \ _ _    |
| \       /     \       /     \       /     \       /     \       /     \  |
|  \ _ _ /  1,1  \ _ _ /  3,1  \ _ _ /  5,1  \ _ _ /  7,1  \ _ _ /  9,1  \ |
|  /     \       /     \       /X X X\       /     \       /     \       / |
| /  0,2  \ _ _ /  2,2  \ _ _ /X  X  X\ _ _ /  6,2  \ _ _ /  8,2  \ _ _ /  |
| \       /     \       /X X X\X  X  X/     \       /     \       /     \  |
|  \ _ _ /  1,3  \ _ _ /X  X  X\X_X_X/  5,3  \ _ _ /  7,3  \ _ _ /  9,3  \ |
|  /     \       /X X X\X  X  X/X X X\       /     \       /     \       / |
| /  0,4  \ _ _ /X  X  X\X_X_X/X  X  X\ _ _ /  6,4  \ _ _ /  8,4  \ _ _ /  |
| \       /     \X  X  X/X X X\X  X  X/     \       /     \       /     \  |
|  \ _ _ /  1,5  \X_X_X/X  X  X\X_X_X/  5,5  \ _ _ /  7,5  \ _ _ /  9,5  \ |
|  /     \       /     \X  X  X/X X X\       /     \       /     \       / |
| /  0,6  \ _ _ /  2,6  \X_X_X/X  X  X\ _ _ /  6,6  \ _ _ /  8,6  \ _ _ /  |
| \       /     \       /     \X  X  X/     \       /     \       /     \  |
|  \ _ _ /  1,7  \ _ _ /  3,7  \X_X_X/  5,7  \ _ _ /  7,7  \ _ _ /  9,7  \ |
|  /     \       /     \       /     \       /     \       /     \       / |
| /  0,8  \ _ _ /  2,8  \ _ _ /  4,8  \ _ _ /  6,8  \ _ _ /  8,8  \ _ _ /  |
| \       /     \       /     \       /     \       /     \       /     \  |
|  \ _ _ /  1,9  \ _ _ /  3,9  \ _ _ /  5,9  \ _ _ /  7,9  \ _ _ /  9,9  \ |
|        \       /     \       /     \       /     \       /     \       / |
|         \ _ _ /       \ _ _ /       \ _ _ /       \ _ _ /       \ _ _ /  |
|                                                                          |
| = = = = = = = = = = = = = = = = = = = = = = = = = = = = = = = = = = = =  |
