| = = = = = = = = = = = = = = = = = = = = = = = |
|    / \     / \     / \     / \     / \        |
|  /     \ /     \ /     \ /     \ /     \      |
| |  0,0  |  2,0  |  4,0  |  6,0  |  8,0  |     |
| |       |       |       |       |       |     |
|  \     / \     / \     / \     / \     / \    |
|    \ /     \ /     \ /     \ /     \ /     \  |
|     |  1,1  |  3,1  |  5,1  |  7,1  |  9,1  | |
|     |       |       |       |       |       | |
|    / \     / \     / \     / \     / \     /  |
|  /     \ /     \ /     \ /     \ /     \ /    |
| |  0,2  |  2,2  |  4,2  |  6,2  |  8,2  |     |
| |       |       |       |       |       |     |
|  \     / \     / \     / \     / \     / \    |
|    \ /     \ /     \ /     \ /     \ /     \  |
|     |  1,3  |  3,3  |  5,3  |  7,3  |  9,3  | |
|     |       |       |       |       |       | |
|    / \     / \     /X\     / \     / \     /  |
|  /     \ /     \ /X X X\ /     \ /     \ /    |
| |  0,4  |  2,4  |X  X  X|  6,4  |  8,4  |     |
| |       |       |X  X  X|       |       |     |
|  \     / \     / \X X X/ \     / \     / \    |
|    \ /     \ /     \X/     \ /     \ /     \  |
|     |  1,5  |  3,5  |  5,5  |  7,5  |  9,5  | |
|     |       |       |       |       |       | |
|    / \     / \     / \     / \     / \     /  |
|  /     \ /     \ /     \ /     \ /     \ /    |
| |  0,6  |  2,6  |  4,6  |  6,6  |  8,6  |     |
| |       |       |       |       |       |     |
|  \     / \     / \     / \     / \     / \    |
|    \ /     \ /     \ /     \ /     \ /     \  |
|     |  1,7  |  3,7  |  5,7  |  7,7  |  9,7  | |
|     |       |       |       |       |       | |
|    / \     / \     / \     / \     / \     /  |
|  /     \ /     \ /     \ /     \ /     \ /    |
| |  0,8  |  2,8  |  4,8  |  6,8  |  8,8  |     |
| |       |       |       |       |       |     |
|  \     / \     / \     / \     / \     / \    |
|    \ /     \ /     \ /     \ /     \ /     \  |
|     |  1,9  |  3,9  |  5,9  |  7,9  |  9,9  | |
|     |       |       |       |       |       | |
|      \     / \     / \     / \     / \     /  |
|        \ /     \ /     \ /     \ /     \ /    |
| = = = = = = = = = = = = = = = = = = = = = = = |

 NEXT TURN 
| = = = = = = = = = = = = = = = = = = = = = = = |
|    / \     / \     / \     / \     / \        |
|  /     \ /     \ /     \ /     \ /     \      |
| |  0,0  |  2,0  |  4,0  |  6,0  |  8,0  |     |
| |       |       |       |       |       |     |
|  \     / \     / \     / \     / \     / \    |
|    \ /     \ /     \ /     \ /     \ /     \  |
|     |  1,1  |  3,1  |  5,1  |  7,1  |  9,1  | |
|     |       |       |       |       |       | |
|    / \     / \     / \     / \     / \     /  |
|  /     \ /     \ /     \ /     \ /     \ /    |
| |  0,2  |  2,2  |  4,2  |  6,2  |  8,2  |     |
| |       |       |       |       |       |     |
|  \     / \     / \     / \     / \     / \    |
|    \ /     \ /     \ /     \ /     \ /     \  |
|     |  1,3  |  3,3  |  5,3  |  7,3  |  9,3  | |
|     |       |       |       |       |       | |
|    / \     / \     / \     / \     / \     /  |
|  /     \ /     \ /     \ /     \ /     \ /    |
| |  0,4  |  2,4  |  4,4  |  6,4  |  8,4  |     |
| |       |       |       |       |       |     |
|  \     / \     / \     / \     / \     / \    |
|    \ /     \ /     \ /     \ /     \ /     \  |
|     |  1,5  |  3,5  |  5,5  |  7,5  |  9,5  | |
|     |       |       |       |       |       | |
|    / \     / \     / \     / \     / \     /  |
|  /     \ /     \ /     \ /     \ /     \ /    |
| |  0,6  |  2,6  |  4,6  |  6,6  |  8,6  |     |
| |       |       |       |       |       |     |
|  \     / \     / \     / \     / \     / \    |
|    \ /     \ /     \ /     \ /     \ /     \  |
|     |  1,7  |  3,7  |  5,7  |  7,7  |  9,7  | |
|     |       |       |       |       |       | |
|    / \     / \     / \     / \     / \     /  |
|  /     \ /     \ /     \ /     \ /     \ /    |
| |  0,8  |  2,8  |  4,8  |  6,8  |  8,8  |     |
| |       |       |       |       |       |     |
|  \     / \     / \     / \     / \     / \    |
|    \ /     \ /     \ /     \ /     \ /     \  |
|     |  1,9  |  3,9  |  5,9  |  7,9  |  9,9  | |
|     |       |       |       |       |       | |
|      \     / \     / \     / \     / \     /  |
|        \ /     \ /     \ /     \ /     \ /    |
| = = = = = = = = = = = = = = = = = = = = = = = |
