| = = = = = = = = = = = = = = = = = = = = = = = |
|    / \     / \     / \     / \     / \        |
|  /     \ /     \ /     \ /     \ /     \      |
| |  0,0  |  2,0  |  4,0  |  6,0  |  8,0  |     |
| |       |       |       |       |       |     |
|  \     / \     / \     / \     / \     / \    |
|    \ /     \ /     \ /     \ /     \ /     \  |
|     |  1,1  |  3,1  |  5,1  |  7,1  |  9,1  | |
|     |       |       |       |       |       | |
|    / \     / \     /X\     / \     / \     /  |
|  /     \ /     \ /X X X\ /     \ /     \ /    |
| |  0,2  |  2,2  |X  X  X|  6,2  |  8,2  |     |
| |       |       |X  X  X|       |       |     |
|  \     /X\     /X\X X X/X\     /X\     / \    |
|    \ /X X X\ /X X X\X/X X X\ /X X X\ /     \  |
|     |X  X  X|X  X  X|X  X  X|X  X  X|  9,3  | |
|     |X  X  X|X  X  X|X  X  X|X  X  X|       | |
|    / \X X X/X\X X X/ \X X X/X\X X X/ \     /  |
|  /     \X/X X X\X/     \X/X X X\X/     \ /    |
| |  0,4  |X  X  X|  4,4  |X  X  X|  8,4  |     |
| |       |X  X  X|       |X  X  X|       |     |
|  \     /X\X X X/X\     /X\X X X/X\     / \    |
|    \ /X X X\X/X X X\ /X X X\X/X X X\ /     \  |
|     |X  X  X|X  X  X|X  X  X|X  X  X|  9,5  | |
|     |X  X  X|X  X  X|X  X  X|X  X  X|       | |
|    / \X X X/ \X X X/X\X X X/ \X X X/ \     /  |
|  /     \X/     \X/X X X\X/     \X/     \ /    |
| |  0,6  |  2,6  |X  X  X|  6,6  |  8,6  |     |
| |       |       |X  X  X|       |       |     |
|  \     / \     / \X X X/ \     / \     / \    |
|    \ /     \ /     \X/     \ /     \ /     \  |
|     |  1,7  |  3,7  |  5,7  |  7,7  |  9,7  | |
|     |       |       |       |       |       | |
|    / \     / \     / \     / \     / \     /  |
|  /     \ /     \ /     \ /     \ /     \ /    |
| |  0,8  |  2,8  |  4,8  |  6,8  |  8,8  |     |
| |       |       |       |       |       |     |
|  \     / \     / \     / \     / \     / \    |
|    \ /     \ /     \ /     \ /     \ /     \  |
|     |  1,9  |  3,9  |  5,9  |  7,9  |  9,9  | |
|     |       |       |       |       |       | |
|      \     / \     / \     / \     / \     /  |
|        \ /     \ /     \ /     \ /     \ /    |
| = = = = = = = = = = = = = = = = = = = = = = = |
